// Jest Snapshot v1, https://goo.gl/fbAQLP

exports[`Search renders 1`] = `
<DocumentFragment>
  <div
    class="search"
  >
    <form>
      <input
        type="text"
        value=""
      />
      <input
        type="submit"
        value="Search"
      />
    </form>
  </div>
</DocumentFragment>
`;
